6- cd -; pwd                          # ancien rÃ©pertoire
cd --; pwd                         # $HOME

7- message d'erreur structure error : bash: export: `12invalid=value': not a valid identifier

8-  minishell> echo $"USER''"
minishell> $USER'' | bash> USER''
echo "$"USER''"" bash : $USER
echo soratra$"USER''"
minishell> soratra$USER'' | bash> soratraUSER''

9 - error message bash-5.1$ echo >
bash: syntax error near unexpected token `newline'


13 - echo 'test => deux messages d'erreur
minishell: syntax error: unclosed quote
minishell: syntax error near unexpected token `unclosed quote'

7 -
bash-5.1$ ls << EOF >
> EOF
bash: syntax error near unexpected token `newline'
minishell> cat << EOF >
minishell: syntax error near unexpected token `>'
minishell>

8- minishell> cat | ls
includes  libft  Makefile  minishell  notes  srcs  testeur
^Cminishell>

tarandri@c1r4s14:~/Music/minishell_mioky$ cat | ls
includes  libft  Makefile  minishell  notes  srcs  testeur
^C
tarandri@c1r4s14:~/Music/minishell_mioky$



11-

minishell> exit "              5"
ðŸ” DEBUG tokenize: word='exit', was_quoted=0
ðŸ” DEBUG tokenize: word='"              5"', was_quoted=1
ðŸ” DEBUG expand AVANT: value='exit', was_quoted=0
ðŸ” DEBUG expand APRES: value='exit', was_quoted=0
ðŸ” DEBUG expand AVANT: value='"              5"', was_quoted=1
ðŸ” DEBUG expand APRES: value='              5', was_quoted=1
exit
minishell: exit:               5: numeric argument required

bash-5.1$ exit "             5"
exit

c1r4s13% bash  --posix
bash-5.1$ exit "           5              "
exit


----------------
bash-5.1$ export LULU='    file1   file2    '
bash-5.1$ cat "$LULU"$LULU"$LULU"
cat: '    file1   file2    ': No such file or directory
cat: file1: No such file or directory
cat: file2: No such file or directory
cat: '    file1   file2    ': No such file or directory
bash-5.1$ 

-------
export VAR="file1 file2" > ft_split(espace)
> cat "fddfd"$VAR


cat "fgfgfg "$VAR" sdfsdf"
field_split($VAR,space);
concate("fgfgfg "file1 file2" sdfsdf") > creer token vaovao (separation espace)
cat "file1 file2 "

cat file1 file2